[    2820ms] [INFO] %cDownload the React DevTools for a better development experience: https://reactjs.org/link/react-devtools font-weight:bold @ http://localhost:5182/node_modules/.vite/deps/chunk-PJEEZAML.js?v=61f9059c:21550
[    6508ms] [LOG] [player:probe] {playbackUrl: http://localhost:5182/proxy?url=http%3A%2F%2Fghost1.tv%3A80%2F01095391353%2F35319359010MM%2F80488, probeUrl: http://localhost:5182/proxy/probe?url=http%3A%2F%2…st1.tv%3A80%2F01095391353%2F35319359010MM%2F80488, ok: true, status: 200, contentType: video/mp2t} @ http://localhost:5182/src/components/player/IptvVideoPlayer.tsx:202
[    6509ms] [LOG] [player:engine] {engine: mpegts, playbackUrl: http://localhost:5182/proxy?url=http%3A%2F%2Fghost1.tv%3A80%2F01095391353%2F35319359010MM%2F80488, providerUrl: http://ghost1.tv:80/01095391353/35319359010MM/80488, contentType: video/mp2t, attempt: 0} @ http://localhost:5182/src/components/player/IptvVideoPlayer.tsx:202
[    7073ms] [LOG] [player:state] {state: waiting} @ http://localhost:5182/src/components/player/IptvVideoPlayer.tsx:202
[    7110ms] [LOG] [player:state] {state: loadstart} @ http://localhost:5182/src/components/player/IptvVideoPlayer.tsx:202
[    7236ms] [LOG] [MSEController] > MediaSource onSourceOpen @ http://localhost:5182/node_modules/.vite/deps/mpegts__js.js?v=61f9059c:63
[    7524ms] [LOG] [player:stats] {status: loading, engine: MPEGTS, bufferSeconds: 0, liveLatency: 0, bitrateKbps: null} @ http://localhost:5182/src/components/player/IptvVideoPlayer.tsx:202
[    8479ms] [LOG] [TSDemuxer] > Parsed first PAT: {"program_pmt_pid":{"1":4096},"version_number":0} @ blob:http://localhost:5182/ebe46ff0-7e3e-45a7-8890-e778adf7e1dc:3042
[    8481ms] [LOG] [TSDemuxer] > Parsed first PMT: {"pid_stream_type":{"256":27,"257":15},"common_pids":{"h264":256,"adts_aac":257},"pes_private_data_pids":{},"timed_id3_pids":{},"scte_35_pids":{},"smpte2038_pids":{},"program_number":1,"version_number":0} @ blob:http://localhost:5182/ebe46ff0-7e3e-45a7-8890-e778adf7e1dc:3042
[    8486ms] [LOG] [TSDemuxer] > Generated first AVCDecoderConfigurationRecord for mimeType: avc1.4d401e @ blob:http://localhost:5182/ebe46ff0-7e3e-45a7-8890-e778adf7e1dc:3042
[    8490ms] [LOG] [MSEController] > Received Initialization Segment, mimeType: video/mp4;codecs=avc1.4d401e @ http://localhost:5182/node_modules/.vite/deps/mpegts__js.js?v=61f9059c:63
[    8500ms] [LOG] [TSDemuxer] > Generated first AudioSpecificConfig for mimeType: mp4a.40.5 @ blob:http://localhost:5182/ebe46ff0-7e3e-45a7-8890-e778adf7e1dc:3042
[    8501ms] [LOG] [MSEController] > Received Initialization Segment, mimeType: audio/mp4;codecs=mp4a.40.5 @ http://localhost:5182/node_modules/.vite/deps/mpegts__js.js?v=61f9059c:63
[    8502ms] [LOG] [player:mpegts-media-info] {mediaInfo: Object} @ http://localhost:5182/src/components/player/IptvVideoPlayer.tsx:202
[    8808ms] [LOG] [player:state] {state: canplay} @ http://localhost:5182/src/components/player/IptvVideoPlayer.tsx:202
[    8810ms] [LOG] [player:state] {state: playing} @ http://localhost:5182/src/components/player/IptvVideoPlayer.tsx:202
[    9006ms] [LOG] [player:preload-next] {playbackUrl: http://localhost:5182/proxy?url=http%3A%2F%2Fghost1.tv%3A80%2F01095391353%2F35319359010MM%2F80489} @ http://localhost:5182/src/components/player/IptvVideoPlayer.tsx:202
[   10142ms] [LOG] [player:state] {state: waiting} @ http://localhost:5182/src/components/player/IptvVideoPlayer.tsx:202
[   11085ms] [LOG] [player:state] {state: canplay} @ http://localhost:5182/src/components/player/IptvVideoPlayer.tsx:202
[   11086ms] [LOG] [player:state] {state: playing} @ http://localhost:5182/src/components/player/IptvVideoPlayer.tsx:202
[   12526ms] [LOG] [player:stats] {status: playing, engine: MPEGTS, bufferSeconds: 1.3, liveLatency: 1.3, bitrateKbps: null} @ http://localhost:5182/src/components/player/IptvVideoPlayer.tsx:202
[   14558ms] [WARNING] [IOController] > 140 bytes unconsumed data remain when flush buffer, dropped @ blob:http://localhost:5182/ebe46ff0-7e3e-45a7-8890-e778adf7e1dc:3034
[   14559ms] [LOG] [player:retry] {attempt: 1, reason: MPEGTS stream ended} @ http://localhost:5182/src/components/player/IptvVideoPlayer.tsx:202
[   14585ms] [LOG] [MSEController] > MediaSource onSourceEnded @ http://localhost:5182/node_modules/.vite/deps/mpegts__js.js?v=61f9059c:63
[   38852ms] [LOG] [player:probe] {playbackUrl: http://localhost:5182/proxy?url=http%3A%2F%2Fghost1.tv%3A80%2F01095391353%2F35319359010MM%2F80488, probeUrl: http://localhost:5182/proxy/probe?url=http%3A%2F%2…st1.tv%3A80%2F01095391353%2F35319359010MM%2F80488, ok: true, status: 200, contentType: video/mp2t} @ http://localhost:5182/src/components/player/IptvVideoPlayer.tsx?t=1778425355444:202
[   38853ms] [LOG] [player:engine] {engine: mpegts, playbackUrl: http://localhost:5182/proxy?url=http%3A%2F%2Fghost1.tv%3A80%2F01095391353%2F35319359010MM%2F80488, providerUrl: http://ghost1.tv:80/01095391353/35319359010MM/80488, contentType: video/mp2t, attempt: 0} @ http://localhost:5182/src/components/player/IptvVideoPlayer.tsx?t=1778425355444:202
[   38880ms] [LOG] [player:state] {state: waiting} @ http://localhost:5182/src/components/player/IptvVideoPlayer.tsx?t=1778425355444:202
[   38903ms] [LOG] [player:state] {state: loadstart} @ http://localhost:5182/src/components/player/IptvVideoPlayer.tsx?t=1778425355444:202
[   38909ms] [LOG] [MSEController] > MediaSource onSourceOpen @ http://localhost:5182/node_modules/.vite/deps/mpegts__js.js?v=61f9059c:63
[   39207ms] [LOG] [player:preload-next] {playbackUrl: http://localhost:5182/proxy?url=http%3A%2F%2Fghost1.tv%3A80%2F01095391353%2F35319359010MM%2F80489} @ http://localhost:5182/src/components/player/IptvVideoPlayer.tsx?t=1778425355444:202
[   39858ms] [LOG] [player:stats] {status: loading, engine: MPEGTS, bufferSeconds: 0, liveLatency: 0, bitrateKbps: null} @ http://localhost:5182/src/components/player/IptvVideoPlayer.tsx?t=1778425355444:202
[   40155ms] [LOG] [TSDemuxer] > Parsed first PAT: {"program_pmt_pid":{"1":4096},"version_number":0} @ blob:http://localhost:5182/ecf0667d-6ac7-473e-8a1b-5383b0b808e6:3042
[   40157ms] [LOG] [TSDemuxer] > Parsed first PMT: {"pid_stream_type":{"256":27,"257":15},"common_pids":{"h264":256,"adts_aac":257},"pes_private_data_pids":{},"timed_id3_pids":{},"scte_35_pids":{},"smpte2038_pids":{},"program_number":1,"version_number":0} @ blob:http://localhost:5182/ecf0667d-6ac7-473e-8a1b-5383b0b808e6:3042
[   40164ms] [LOG] [TSDemuxer] > Generated first AVCDecoderConfigurationRecord for mimeType: avc1.4d401e @ blob:http://localhost:5182/ecf0667d-6ac7-473e-8a1b-5383b0b808e6:3042
[   40166ms] [LOG] [MSEController] > Received Initialization Segment, mimeType: video/mp4;codecs=avc1.4d401e @ http://localhost:5182/node_modules/.vite/deps/mpegts__js.js?v=61f9059c:63
[   40200ms] [LOG] [TSDemuxer] > Generated first AudioSpecificConfig for mimeType: mp4a.40.5 @ blob:http://localhost:5182/ecf0667d-6ac7-473e-8a1b-5383b0b808e6:3042
[   40201ms] [LOG] [MSEController] > Received Initialization Segment, mimeType: audio/mp4;codecs=mp4a.40.5 @ http://localhost:5182/node_modules/.vite/deps/mpegts__js.js?v=61f9059c:63
[   40202ms] [LOG] [player:mpegts-media-info] {mediaInfo: Object} @ http://localhost:5182/src/components/player/IptvVideoPlayer.tsx?t=1778425355444:202
[   40384ms] [LOG] [player:state] {state: canplay} @ http://localhost:5182/src/components/player/IptvVideoPlayer.tsx?t=1778425355444:202
[   40385ms] [LOG] [player:state] {state: playing} @ http://localhost:5182/src/components/player/IptvVideoPlayer.tsx?t=1778425355444:202
[   40628ms] [LOG] [player:state] {state: waiting} @ http://localhost:5182/src/components/player/IptvVideoPlayer.tsx?t=1778425355444:202
[   40836ms] [LOG] [player:retry] {attempt: 1, reason: MPEGTS stream ended} @ http://localhost:5182/src/components/player/IptvVideoPlayer.tsx?t=1778425355444:202
[   40858ms] [LOG] [MSEController] > MediaSource onSourceEnded @ http://localhost:5182/node_modules/.vite/deps/mpegts__js.js?v=61f9059c:63
[   87747ms] [LOG] [player:probe] {playbackUrl: http://localhost:5182/proxy?url=http%3A%2F%2Fghost…A80%2F01095391353%2F35319359010MM%2F80488&retry=1, probeUrl: http://localhost:5182/proxy/probe?url=http%3A%2F%2…A80%2F01095391353%2F35319359010MM%2F80488&retry=1, ok: true, status: 200, contentType: video/mp2t} @ http://localhost:5182/src/components/player/IptvVideoPlayer.tsx?t=1778425355444:202
[   87747ms] [LOG] [player:engine] {engine: mpegts, playbackUrl: http://localhost:5182/proxy?url=http%3A%2F%2Fghost…A80%2F01095391353%2F35319359010MM%2F80488&retry=1, providerUrl: http://ghost1.tv:80/01095391353/35319359010MM/80488, contentType: video/mp2t, attempt: 1} @ http://localhost:5182/src/components/player/IptvVideoPlayer.tsx?t=1778425355444:202
[   87774ms] [LOG] [player:state] {state: waiting} @ http://localhost:5182/src/components/player/IptvVideoPlayer.tsx?t=1778425355444:202
[   87793ms] [LOG] [player:state] {state: loadstart} @ http://localhost:5182/src/components/player/IptvVideoPlayer.tsx?t=1778425355444:202
[   87814ms] [LOG] [MSEController] > MediaSource onSourceOpen @ http://localhost:5182/node_modules/.vite/deps/mpegts__js.js?v=61f9059c:63
[   88749ms] [LOG] [player:stats] {status: loading, engine: MPEGTS, bufferSeconds: 0, liveLatency: 0, bitrateKbps: null} @ http://localhost:5182/src/components/player/IptvVideoPlayer.tsx?t=1778425355444:202
[   91749ms] [LOG] [player:stall-detected] {reason: low buffer freeze, engine: MPEGTS, currentTime: 0, bufferAhead: 0, liveLatency: 0} @ http://localhost:5182/src/components/player/IptvVideoPlayer.tsx?t=1778425355444:202
[   91754ms] [LOG] [player:mpegts-recover] {reason: low buffer freeze} @ http://localhost:5182/src/components/player/IptvVideoPlayer.tsx?t=1778425355444:202
[   91777ms] [LOG] [player:retry] {attempt: 2, reason: The play() request was interrupted by a call to pause(). https://goo.gl/LdLk22} @ http://localhost:5182/src/components/player/IptvVideoPlayer.tsx?t=1778425355444:202
[   91778ms] [LOG] [player:state] {state: waiting} @ http://localhost:5182/src/components/player/IptvVideoPlayer.tsx?t=1778425355444:202
[  139161ms] [LOG] [player:probe] {playbackUrl: http://localhost:5182/proxy?url=http%3A%2F%2Fghost…A80%2F01095391353%2F35319359010MM%2F80488&retry=2, probeUrl: http://localhost:5182/proxy/probe?url=http%3A%2F%2…A80%2F01095391353%2F35319359010MM%2F80488&retry=2, ok: true, status: 200, contentType: video/mp2t} @ http://localhost:5182/src/components/player/IptvVideoPlayer.tsx?t=1778425355444:202
[  139161ms] [LOG] [player:engine] {engine: mpegts, playbackUrl: http://localhost:5182/proxy?url=http%3A%2F%2Fghost…A80%2F01095391353%2F35319359010MM%2F80488&retry=2, providerUrl: http://ghost1.tv:80/01095391353/35319359010MM/80488, contentType: video/mp2t, attempt: 2} @ http://localhost:5182/src/components/player/IptvVideoPlayer.tsx?t=1778425355444:202
[  139181ms] [LOG] [player:state] {state: waiting} @ http://localhost:5182/src/components/player/IptvVideoPlayer.tsx?t=1778425355444:202
[  139188ms] [LOG] [player:state] {state: loadstart} @ http://localhost:5182/src/components/player/IptvVideoPlayer.tsx?t=1778425355444:202
[  139208ms] [LOG] [MSEController] > MediaSource onSourceOpen @ http://localhost:5182/node_modules/.vite/deps/mpegts__js.js?v=61f9059c:63
[  140163ms] [LOG] [player:stats] {status: loading, engine: MPEGTS, bufferSeconds: 0, liveLatency: 0, bitrateKbps: null} @ http://localhost:5182/src/components/player/IptvVideoPlayer.tsx?t=1778425355444:202
[  143163ms] [LOG] [player:stall-detected] {reason: low buffer freeze, engine: MPEGTS, currentTime: 0, bufferAhead: 0, liveLatency: 0} @ http://localhost:5182/src/components/player/IptvVideoPlayer.tsx?t=1778425355444:202
[  143168ms] [LOG] [player:mpegts-recover] {reason: low buffer freeze} @ http://localhost:5182/src/components/player/IptvVideoPlayer.tsx?t=1778425355444:202
[  143183ms] [LOG] [player:retry] {attempt: 3, reason: The play() request was interrupted by a call to pause(). https://goo.gl/LdLk22} @ http://localhost:5182/src/components/player/IptvVideoPlayer.tsx?t=1778425355444:202
[  143183ms] [LOG] [player:state] {state: waiting} @ http://localhost:5182/src/components/player/IptvVideoPlayer.tsx?t=1778425355444:202
[  167125ms] [ERROR] Failed to load resource: the server responded with a status of 500 (Internal Server Error) @ http://localhost:5182/proxy/probe?url=http%3A%2F%2Fghost1.tv%3A80%2F01095391353%2F35319359010MM%2F80488&retry=3:0
[  167126ms] [LOG] [player:probe] {playbackUrl: http://localhost:5182/proxy?url=http%3A%2F%2Fghost…A80%2F01095391353%2F35319359010MM%2F80488&retry=3, probeUrl: http://localhost:5182/proxy/probe?url=http%3A%2F%2…A80%2F01095391353%2F35319359010MM%2F80488&retry=3, ok: undefined, status: undefined, contentType: undefined} @ http://localhost:5182/src/components/player/IptvVideoPlayer.tsx?t=1778425355444:202
[  167127ms] [LOG] [player:retry] {attempt: 4, reason: Proxy probe failed with 500} @ http://localhost:5182/src/components/player/IptvVideoPlayer.tsx?t=1778425355444:202
[  215411ms] [LOG] [player:probe] {playbackUrl: http://localhost:5182/proxy?url=http%3A%2F%2Fghost…A80%2F01095391353%2F35319359010MM%2F80488&retry=3, probeUrl: http://localhost:5182/proxy/probe?url=http%3A%2F%2…A80%2F01095391353%2F35319359010MM%2F80488&retry=3, ok: true, status: 200, contentType: video/mp2t} @ http://localhost:5182/src/components/player/IptvVideoPlayer.tsx?t=1778425355444:202
[  215412ms] [LOG] [player:engine] {engine: mpegts, playbackUrl: http://localhost:5182/proxy?url=http%3A%2F%2Fghost…A80%2F01095391353%2F35319359010MM%2F80488&retry=3, providerUrl: http://ghost1.tv:80/01095391353/35319359010MM/80488, contentType: video/mp2t, attempt: 4} @ http://localhost:5182/src/components/player/IptvVideoPlayer.tsx?t=1778425355444:202
[  215442ms] [LOG] [player:state] {state: waiting} @ http://localhost:5182/src/components/player/IptvVideoPlayer.tsx?t=1778425355444:202
[  215465ms] [LOG] [player:state] {state: loadstart} @ http://localhost:5182/src/components/player/IptvVideoPlayer.tsx?t=1778425355444:202
[  215478ms] [LOG] [MSEController] > MediaSource onSourceOpen @ http://localhost:5182/node_modules/.vite/deps/mpegts__js.js?v=61f9059c:63
[  216422ms] [LOG] [player:stats] {status: loading, engine: MPEGTS, bufferSeconds: 0, liveLatency: 0, bitrateKbps: null} @ http://localhost:5182/src/components/player/IptvVideoPlayer.tsx?t=1778425355444:202
[  219416ms] [LOG] [player:stall-detected] {reason: low buffer freeze, engine: MPEGTS, currentTime: 0, bufferAhead: 0, liveLatency: 0} @ http://localhost:5182/src/components/player/IptvVideoPlayer.tsx?t=1778425355444:202
[  219425ms] [LOG] [player:mpegts-recover] {reason: low buffer freeze} @ http://localhost:5182/src/components/player/IptvVideoPlayer.tsx?t=1778425355444:202
[  219437ms] [LOG] [player:failed] {reason: The play() request was interrupted by a call to pause(). https://goo.gl/LdLk22, attempts: 5} @ http://localhost:5182/src/components/player/IptvVideoPlayer.tsx?t=1778425355444:202
[  219438ms] [LOG] [player:state] {state: waiting} @ http://localhost:5182/src/components/player/IptvVideoPlayer.tsx?t=1778425355444:202
[  267577ms] [ERROR] [IOController] > Loader error, code = 502, msg = Bad Gateway @ blob:http://localhost:5182/c40eb7a7-71c4-4eab-9c4d-aceb6049e5c0:3026
[  267578ms] [ERROR] [TransmuxingController] > IOException: type = HttpStatusCodeInvalid, code = 502, msg = Bad Gateway @ blob:http://localhost:5182/c40eb7a7-71c4-4eab-9c4d-aceb6049e5c0:3026
[  267580ms] [LOG] [player:mpegts-error] {type: NetworkError, detail: HttpStatusCodeInvalid, info: Object} @ http://localhost:5182/src/components/player/IptvVideoPlayer.tsx?t=1778425355444:202
[  267581ms] [LOG] [player:failed] {reason: HttpStatusCodeInvalid, attempts: 5} @ http://localhost:5182/src/components/player/IptvVideoPlayer.tsx?t=1778425355444:202
