[    2978ms] [INFO] %cDownload the React DevTools for a better development experience: https://reactjs.org/link/react-devtools font-weight:bold @ http://localhost:5181/node_modules/.vite/deps/chunk-PJEEZAML.js?v=1cca3a17:21550
[   12474ms] [INFO] %cDownload the React DevTools for a better development experience: https://reactjs.org/link/react-devtools font-weight:bold @ http://localhost:5181/node_modules/.vite/deps/chunk-PJEEZAML.js?v=61f9059c:21550
[   15454ms] [LOG] [player:probe] {playbackUrl: http://localhost:5181/proxy?url=http%3A%2F%2Fghost1.tv%3A80%2F01095391353%2F35319359010MM%2F80488, probeUrl: http://localhost:5181/proxy/probe?url=http%3A%2F%2…st1.tv%3A80%2F01095391353%2F35319359010MM%2F80488, ok: true, status: 200, contentType: video/mp2t} @ http://localhost:5181/src/components/player/IptvVideoPlayer.tsx:202
[   15455ms] [LOG] [player:engine] {engine: mpegts, playbackUrl: http://localhost:5181/proxy?url=http%3A%2F%2Fghost1.tv%3A80%2F01095391353%2F35319359010MM%2F80488, providerUrl: http://ghost1.tv:80/01095391353/35319359010MM/80488, contentType: video/mp2t, attempt: 0} @ http://localhost:5181/src/components/player/IptvVideoPlayer.tsx:202
[   15570ms] [LOG] [player:state] {state: waiting} @ http://localhost:5181/src/components/player/IptvVideoPlayer.tsx:202
[   15609ms] [LOG] [player:state] {state: loadstart} @ http://localhost:5181/src/components/player/IptvVideoPlayer.tsx:202
[   15629ms] [LOG] [MSEController] > MediaSource onSourceOpen @ http://localhost:5181/node_modules/.vite/deps/mpegts__js.js?v=61f9059c:63
[   15915ms] [LOG] [player:preload-next] {playbackUrl: http://localhost:5181/proxy?url=http%3A%2F%2Fghost1.tv%3A80%2F01095391353%2F35319359010MM%2F80489} @ http://localhost:5181/src/components/player/IptvVideoPlayer.tsx:202
[   16458ms] [LOG] [player:stats] {status: idle, engine: null, bufferSeconds: 0, liveLatency: 0, bitrateKbps: null} @ http://localhost:5181/src/components/player/IptvVideoPlayer.tsx:202
[   16870ms] [LOG] [TSDemuxer] > Parsed first PAT: {"program_pmt_pid":{"1":4096},"version_number":0} @ blob:http://localhost:5181/041d505f-c7c3-4cef-9422-365fdc28ffd9:3042
[   16872ms] [LOG] [TSDemuxer] > Parsed first PMT: {"pid_stream_type":{"256":27,"257":15},"common_pids":{"h264":256,"adts_aac":257},"pes_private_data_pids":{},"timed_id3_pids":{},"scte_35_pids":{},"smpte2038_pids":{},"program_number":1,"version_number":0} @ blob:http://localhost:5181/041d505f-c7c3-4cef-9422-365fdc28ffd9:3042
[   16877ms] [LOG] [TSDemuxer] > Generated first AVCDecoderConfigurationRecord for mimeType: avc1.4d401e @ blob:http://localhost:5181/041d505f-c7c3-4cef-9422-365fdc28ffd9:3042
[   16880ms] [LOG] [MSEController] > Received Initialization Segment, mimeType: video/mp4;codecs=avc1.4d401e @ http://localhost:5181/node_modules/.vite/deps/mpegts__js.js?v=61f9059c:63
[   16892ms] [LOG] [TSDemuxer] > Generated first AudioSpecificConfig for mimeType: mp4a.40.5 @ blob:http://localhost:5181/041d505f-c7c3-4cef-9422-365fdc28ffd9:3042
[   16893ms] [LOG] [MSEController] > Received Initialization Segment, mimeType: audio/mp4;codecs=mp4a.40.5 @ http://localhost:5181/node_modules/.vite/deps/mpegts__js.js?v=61f9059c:63
[   16894ms] [LOG] [player:mpegts-media-info] {mediaInfo: Object} @ http://localhost:5181/src/components/player/IptvVideoPlayer.tsx:202
[   16951ms] [WARNING] [MSEPlayer] > Playback seems stuck at 0, seek to 0.002 @ http://localhost:5181/node_modules/.vite/deps/mpegts__js.js?v=61f9059c:55
[   21465ms] [LOG] [player:stats] {status: idle, engine: null, bufferSeconds: 3.6, liveLatency: 3.6, bitrateKbps: null} @ http://localhost:5181/src/components/player/IptvVideoPlayer.tsx:202
[   23015ms] [LOG] [player:state] {state: canplay} @ http://localhost:5181/src/components/player/IptvVideoPlayer.tsx:202
[   23016ms] [LOG] [player:state] {state: playing} @ http://localhost:5181/src/components/player/IptvVideoPlayer.tsx:202
[   23860ms] [LOG] [player:state] {state: waiting} @ http://localhost:5181/src/components/player/IptvVideoPlayer.tsx:202
[   24314ms] [LOG] [player:state] {state: canplay} @ http://localhost:5181/src/components/player/IptvVideoPlayer.tsx:202
[   24314ms] [LOG] [player:state] {state: playing} @ http://localhost:5181/src/components/player/IptvVideoPlayer.tsx:202
[   25314ms] [LOG] [player:state] {state: waiting} @ http://localhost:5181/src/components/player/IptvVideoPlayer.tsx:202
[   25639ms] [LOG] [player:state] {state: canplay} @ http://localhost:5181/src/components/player/IptvVideoPlayer.tsx:202
[   25640ms] [LOG] [player:state] {state: playing} @ http://localhost:5181/src/components/player/IptvVideoPlayer.tsx:202
[   26466ms] [LOG] [player:stats] {status: idle, engine: null, bufferSeconds: 2.3, liveLatency: 2.3, bitrateKbps: null} @ http://localhost:5181/src/components/player/IptvVideoPlayer.tsx:202
[   30973ms] [LOG] [player:state] {state: waiting} @ http://localhost:5181/src/components/player/IptvVideoPlayer.tsx:202
[   31740ms] [LOG] [player:state] {state: canplay} @ http://localhost:5181/src/components/player/IptvVideoPlayer.tsx:202
[   31741ms] [LOG] [player:state] {state: playing} @ http://localhost:5181/src/components/player/IptvVideoPlayer.tsx:202
[   32461ms] [LOG] [player:stats] {status: idle, engine: null, bufferSeconds: 1.7, liveLatency: 1.7, bitrateKbps: null} @ http://localhost:5181/src/components/player/IptvVideoPlayer.tsx:202
[   34073ms] [LOG] [player:state] {state: waiting} @ http://localhost:5181/src/components/player/IptvVideoPlayer.tsx:202
[   35747ms] [LOG] [player:state] {state: canplay} @ http://localhost:5181/src/components/player/IptvVideoPlayer.tsx:202
[   35748ms] [LOG] [player:state] {state: playing} @ http://localhost:5181/src/components/player/IptvVideoPlayer.tsx:202
[   37462ms] [LOG] [player:stats] {status: idle, engine: null, bufferSeconds: 0.6, liveLatency: 0.6, bitrateKbps: null} @ http://localhost:5181/src/components/player/IptvVideoPlayer.tsx:202
[   38013ms] [LOG] [player:state] {state: waiting} @ http://localhost:5181/src/components/player/IptvVideoPlayer.tsx:202
[   40625ms] [LOG] [player:state] {state: canplay} @ http://localhost:5181/src/components/player/IptvVideoPlayer.tsx:202
[   40626ms] [LOG] [player:state] {state: playing} @ http://localhost:5181/src/components/player/IptvVideoPlayer.tsx:202
[   42754ms] [LOG] [player:state] {state: waiting} @ http://localhost:5181/src/components/player/IptvVideoPlayer.tsx:202
[   42776ms] [LOG] [player:state] {state: canplay} @ http://localhost:5181/src/components/player/IptvVideoPlayer.tsx:202
[   42777ms] [LOG] [player:state] {state: playing} @ http://localhost:5181/src/components/player/IptvVideoPlayer.tsx:202
[   43462ms] [LOG] [player:stats] {status: idle, engine: null, bufferSeconds: 1.7, liveLatency: 1.7, bitrateKbps: null} @ http://localhost:5181/src/components/player/IptvVideoPlayer.tsx:202
[   49471ms] [LOG] [player:stats] {status: idle, engine: null, bufferSeconds: 4.1, liveLatency: 4.1, bitrateKbps: null} @ http://localhost:5181/src/components/player/IptvVideoPlayer.tsx:202
[   51401ms] [LOG] [player:state] {state: waiting} @ http://localhost:5181/src/components/player/IptvVideoPlayer.tsx:202
[   51709ms] [LOG] [player:state] {state: canplay} @ http://localhost:5181/src/components/player/IptvVideoPlayer.tsx:202
[   51709ms] [LOG] [player:state] {state: playing} @ http://localhost:5181/src/components/player/IptvVideoPlayer.tsx:202
[   53752ms] [LOG] [player:state] {state: waiting} @ http://localhost:5181/src/components/player/IptvVideoPlayer.tsx:202
[   54633ms] [LOG] [player:state] {state: canplay} @ http://localhost:5181/src/components/player/IptvVideoPlayer.tsx:202
[   54634ms] [LOG] [player:state] {state: playing} @ http://localhost:5181/src/components/player/IptvVideoPlayer.tsx:202
[   55459ms] [LOG] [player:stats] {status: idle, engine: null, bufferSeconds: 0.9, liveLatency: 0.9, bitrateKbps: null} @ http://localhost:5181/src/components/player/IptvVideoPlayer.tsx:202
[   56311ms] [LOG] [player:state] {state: waiting} @ http://localhost:5181/src/components/player/IptvVideoPlayer.tsx:202
[   56630ms] [LOG] [player:state] {state: canplay} @ http://localhost:5181/src/components/player/IptvVideoPlayer.tsx:202
[   56631ms] [LOG] [player:state] {state: playing} @ http://localhost:5181/src/components/player/IptvVideoPlayer.tsx:202
[   58315ms] [WARNING] [IOController] > 184 bytes unconsumed data remain when flush buffer, dropped @ blob:http://localhost:5181/041d505f-c7c3-4cef-9422-365fdc28ffd9:3034
[   58317ms] [LOG] [player:retry] {attempt: 1, reason: MPEGTS stream ended} @ http://localhost:5181/src/components/player/IptvVideoPlayer.tsx:202
[   58339ms] [LOG] [MSEController] > MediaSource onSourceEnded @ http://localhost:5181/node_modules/.vite/deps/mpegts__js.js?v=61f9059c:63
[   65414ms] [LOG] [player:probe] {playbackUrl: http://localhost:5181/proxy?url=http%3A%2F%2Fghost1.tv%3A80%2F01095391353%2F35319359010MM%2F80488, probeUrl: http://localhost:5181/proxy/probe?url=http%3A%2F%2…st1.tv%3A80%2F01095391353%2F35319359010MM%2F80488, ok: true, status: 200, contentType: video/mp2t} @ http://localhost:5181/src/components/player/IptvVideoPlayer.tsx?t=1778425150820:202
[   65415ms] [LOG] [player:engine] {engine: mpegts, playbackUrl: http://localhost:5181/proxy?url=http%3A%2F%2Fghost1.tv%3A80%2F01095391353%2F35319359010MM%2F80488, providerUrl: http://ghost1.tv:80/01095391353/35319359010MM/80488, contentType: video/mp2t, attempt: 0} @ http://localhost:5181/src/components/player/IptvVideoPlayer.tsx?t=1778425150820:202
[   65438ms] [LOG] [player:state] {state: waiting} @ http://localhost:5181/src/components/player/IptvVideoPlayer.tsx?t=1778425150820:202
[   65458ms] [LOG] [player:state] {state: loadstart} @ http://localhost:5181/src/components/player/IptvVideoPlayer.tsx?t=1778425150820:202
[   65480ms] [LOG] [MSEController] > MediaSource onSourceOpen @ http://localhost:5181/node_modules/.vite/deps/mpegts__js.js?v=61f9059c:63
[   65761ms] [LOG] [player:preload-next] {playbackUrl: http://localhost:5181/proxy?url=http%3A%2F%2Fghost1.tv%3A80%2F01095391353%2F35319359010MM%2F80489} @ http://localhost:5181/src/components/player/IptvVideoPlayer.tsx?t=1778425150820:202
[   66429ms] [LOG] [player:stats] {status: idle, engine: null, bufferSeconds: 0, liveLatency: 0, bitrateKbps: null} @ http://localhost:5181/src/components/player/IptvVideoPlayer.tsx?t=1778425150820:202
[   66650ms] [LOG] [TSDemuxer] > Parsed first PAT: {"program_pmt_pid":{"1":4096},"version_number":0} @ blob:http://localhost:5181/d89e2fec-9229-4716-bca3-6637c6c8fad6:3042
[   66651ms] [LOG] [TSDemuxer] > Parsed first PMT: {"pid_stream_type":{"256":27,"257":15},"common_pids":{"h264":256,"adts_aac":257},"pes_private_data_pids":{},"timed_id3_pids":{},"scte_35_pids":{},"smpte2038_pids":{},"program_number":1,"version_number":0} @ blob:http://localhost:5181/d89e2fec-9229-4716-bca3-6637c6c8fad6:3042
[   66658ms] [LOG] [TSDemuxer] > Generated first AVCDecoderConfigurationRecord for mimeType: avc1.4d401e @ blob:http://localhost:5181/d89e2fec-9229-4716-bca3-6637c6c8fad6:3042
[   66660ms] [LOG] [MSEController] > Received Initialization Segment, mimeType: video/mp4;codecs=avc1.4d401e @ http://localhost:5181/node_modules/.vite/deps/mpegts__js.js?v=61f9059c:63
[   66669ms] [LOG] [TSDemuxer] > Generated first AudioSpecificConfig for mimeType: mp4a.40.5 @ blob:http://localhost:5181/d89e2fec-9229-4716-bca3-6637c6c8fad6:3042
[   66670ms] [LOG] [MSEController] > Received Initialization Segment, mimeType: audio/mp4;codecs=mp4a.40.5 @ http://localhost:5181/node_modules/.vite/deps/mpegts__js.js?v=61f9059c:63
[   66671ms] [LOG] [player:mpegts-media-info] {mediaInfo: Object} @ http://localhost:5181/src/components/player/IptvVideoPlayer.tsx?t=1778425150820:202
[   66890ms] [WARNING] [MSEPlayer] > Playback seems stuck at 0, seek to 0.001 @ http://localhost:5181/node_modules/.vite/deps/mpegts__js.js?v=61f9059c:55
[   66962ms] [LOG] [player:state] {state: canplay} @ http://localhost:5181/src/components/player/IptvVideoPlayer.tsx?t=1778425150820:202
[   66963ms] [LOG] [player:state] {state: playing} @ http://localhost:5181/src/components/player/IptvVideoPlayer.tsx?t=1778425150820:202
[   67066ms] [LOG] [player:state] {state: waiting} @ http://localhost:5181/src/components/player/IptvVideoPlayer.tsx?t=1778425150820:202
[   68924ms] [LOG] [player:state] {state: canplay} @ http://localhost:5181/src/components/player/IptvVideoPlayer.tsx?t=1778425150820:202
[   68925ms] [LOG] [player:state] {state: playing} @ http://localhost:5181/src/components/player/IptvVideoPlayer.tsx?t=1778425150820:202
[   72419ms] [LOG] [player:stats] {status: idle, engine: null, bufferSeconds: 1.5, liveLatency: 1.5, bitrateKbps: null} @ http://localhost:5181/src/components/player/IptvVideoPlayer.tsx?t=1778425150820:202
[   73573ms] [LOG] [player:probe] {playbackUrl: http://localhost:5181/proxy?url=http%3A%2F%2Fghost1.tv%3A80%2F01095391353%2F35319359010MM%2F80488, probeUrl: http://localhost:5181/proxy/probe?url=http%3A%2F%2…st1.tv%3A80%2F01095391353%2F35319359010MM%2F80488, ok: true, status: 200, contentType: video/mp2t} @ http://localhost:5181/src/components/player/IptvVideoPlayer.tsx?t=1778425159107:202
[   73574ms] [LOG] [player:engine] {engine: mpegts, playbackUrl: http://localhost:5181/proxy?url=http%3A%2F%2Fghost1.tv%3A80%2F01095391353%2F35319359010MM%2F80488, providerUrl: http://ghost1.tv:80/01095391353/35319359010MM/80488, contentType: video/mp2t, attempt: 0} @ http://localhost:5181/src/components/player/IptvVideoPlayer.tsx?t=1778425159107:202
[   73593ms] [LOG] [player:state] {state: waiting} @ http://localhost:5181/src/components/player/IptvVideoPlayer.tsx?t=1778425159107:202
[   73622ms] [LOG] [player:state] {state: loadstart} @ http://localhost:5181/src/components/player/IptvVideoPlayer.tsx?t=1778425159107:202
[   73640ms] [LOG] [MSEController] > MediaSource onSourceOpen @ http://localhost:5181/node_modules/.vite/deps/mpegts__js.js?v=61f9059c:63
[   73858ms] [LOG] [player:preload-next] {playbackUrl: http://localhost:5181/proxy?url=http%3A%2F%2Fghost1.tv%3A80%2F01095391353%2F35319359010MM%2F80489} @ http://localhost:5181/src/components/player/IptvVideoPlayer.tsx?t=1778425159107:202
[   74806ms] [LOG] [TSDemuxer] > Parsed first PAT: {"program_pmt_pid":{"1":4096},"version_number":0} @ blob:http://localhost:5181/0b9cd4c1-a3dd-48cc-8430-51a9f860df46:3042
[   74807ms] [LOG] [TSDemuxer] > Parsed first PMT: {"pid_stream_type":{"256":27,"257":15},"common_pids":{"h264":256,"adts_aac":257},"pes_private_data_pids":{},"timed_id3_pids":{},"scte_35_pids":{},"smpte2038_pids":{},"program_number":1,"version_number":0} @ blob:http://localhost:5181/0b9cd4c1-a3dd-48cc-8430-51a9f860df46:3042
[   74811ms] [LOG] [TSDemuxer] > Generated first AVCDecoderConfigurationRecord for mimeType: avc1.4d401e @ blob:http://localhost:5181/0b9cd4c1-a3dd-48cc-8430-51a9f860df46:3042
[   74813ms] [LOG] [MSEController] > Received Initialization Segment, mimeType: video/mp4;codecs=avc1.4d401e @ http://localhost:5181/node_modules/.vite/deps/mpegts__js.js?v=61f9059c:63
[   74822ms] [LOG] [TSDemuxer] > Generated first AudioSpecificConfig for mimeType: mp4a.40.5 @ blob:http://localhost:5181/0b9cd4c1-a3dd-48cc-8430-51a9f860df46:3042
[   74823ms] [LOG] [MSEController] > Received Initialization Segment, mimeType: audio/mp4;codecs=mp4a.40.5 @ http://localhost:5181/node_modules/.vite/deps/mpegts__js.js?v=61f9059c:63
[   74824ms] [LOG] [player:mpegts-media-info] {mediaInfo: Object} @ http://localhost:5181/src/components/player/IptvVideoPlayer.tsx?t=1778425159107:202
[   75034ms] [WARNING] [MSEPlayer] > Playback seems stuck at 0, seek to 0.021 @ http://localhost:5181/node_modules/.vite/deps/mpegts__js.js?v=61f9059c:55
[   78242ms] [LOG] [player:probe] {playbackUrl: http://localhost:5181/proxy?url=http%3A%2F%2Fghost1.tv%3A80%2F01095391353%2F35319359010MM%2F80488, probeUrl: http://localhost:5181/proxy/probe?url=http%3A%2F%2…st1.tv%3A80%2F01095391353%2F35319359010MM%2F80488, ok: true, status: 200, contentType: video/mp2t} @ http://localhost:5181/src/components/player/IptvVideoPlayer.tsx?t=1778425163966:202
[   78243ms] [LOG] [player:engine] {engine: mpegts, playbackUrl: http://localhost:5181/proxy?url=http%3A%2F%2Fghost1.tv%3A80%2F01095391353%2F35319359010MM%2F80488, providerUrl: http://ghost1.tv:80/01095391353/35319359010MM/80488, contentType: video/mp2t, attempt: 0} @ http://localhost:5181/src/components/player/IptvVideoPlayer.tsx?t=1778425163966:202
[   78263ms] [LOG] [player:state] {state: waiting} @ http://localhost:5181/src/components/player/IptvVideoPlayer.tsx?t=1778425163966:202
[   78280ms] [LOG] [player:state] {state: loadstart} @ http://localhost:5181/src/components/player/IptvVideoPlayer.tsx?t=1778425163966:202
[   78296ms] [LOG] [MSEController] > MediaSource onSourceOpen @ http://localhost:5181/node_modules/.vite/deps/mpegts__js.js?v=61f9059c:63
[   78682ms] [LOG] [player:preload-next] {playbackUrl: http://localhost:5181/proxy?url=http%3A%2F%2Fghost1.tv%3A80%2F01095391353%2F35319359010MM%2F80489} @ http://localhost:5181/src/components/player/IptvVideoPlayer.tsx?t=1778425163966:202
[   79259ms] [LOG] [player:stats] {status: loading, engine: MPEGTS, bufferSeconds: 0, liveLatency: 0, bitrateKbps: null} @ http://localhost:5181/src/components/player/IptvVideoPlayer.tsx?t=1778425163966:202
[   82259ms] [LOG] [player:stall-detected] {reason: low buffer freeze, engine: MPEGTS, currentTime: 0, bufferAhead: 0, liveLatency: 0} @ http://localhost:5181/src/components/player/IptvVideoPlayer.tsx?t=1778425163966:202
[   82265ms] [LOG] [player:mpegts-recover] {reason: low buffer freeze} @ http://localhost:5181/src/components/player/IptvVideoPlayer.tsx?t=1778425163966:202
[   82345ms] [LOG] [player:retry] {attempt: 1, reason: The play() request was interrupted by a call to pause(). https://goo.gl/LdLk22} @ http://localhost:5181/src/components/player/IptvVideoPlayer.tsx?t=1778425163966:202
[   82346ms] [LOG] [player:state] {state: waiting} @ http://localhost:5181/src/components/player/IptvVideoPlayer.tsx?t=1778425163966:202
[   83107ms] [LOG] [player:probe] {playbackUrl: http://localhost:5181/proxy?url=http%3A%2F%2Fghost1.tv%3A80%2F01095391353%2F35319359010MM%2F80488, probeUrl: http://localhost:5181/proxy/probe?url=http%3A%2F%2…st1.tv%3A80%2F01095391353%2F35319359010MM%2F80488, ok: true, status: 200, contentType: video/mp2t} @ http://localhost:5181/src/components/player/IptvVideoPlayer.tsx?t=1778425168645:202
[   83107ms] [LOG] [player:engine] {engine: mpegts, playbackUrl: http://localhost:5181/proxy?url=http%3A%2F%2Fghost1.tv%3A80%2F01095391353%2F35319359010MM%2F80488, providerUrl: http://ghost1.tv:80/01095391353/35319359010MM/80488, contentType: video/mp2t, attempt: 0} @ http://localhost:5181/src/components/player/IptvVideoPlayer.tsx?t=1778425168645:202
[   83178ms] [LOG] [player:state] {state: waiting} @ http://localhost:5181/src/components/player/IptvVideoPlayer.tsx?t=1778425168645:202
[   83198ms] [LOG] [player:state] {state: loadstart} @ http://localhost:5181/src/components/player/IptvVideoPlayer.tsx?t=1778425168645:202
[   83219ms] [LOG] [MSEController] > MediaSource onSourceOpen @ http://localhost:5181/node_modules/.vite/deps/mpegts__js.js?v=61f9059c:63
[   83443ms] [LOG] [player:preload-next] {playbackUrl: http://localhost:5181/proxy?url=http%3A%2F%2Fghost1.tv%3A80%2F01095391353%2F35319359010MM%2F80489} @ http://localhost:5181/src/components/player/IptvVideoPlayer.tsx?t=1778425168645:202
[   84406ms] [LOG] [TSDemuxer] > Parsed first PAT: {"program_pmt_pid":{"1":4096},"version_number":0} @ blob:http://localhost:5181/4ce1fb6c-682c-441b-b1b8-ab58fe289f97:3042
[   84408ms] [LOG] [TSDemuxer] > Parsed first PMT: {"pid_stream_type":{"256":27,"257":15},"common_pids":{"h264":256,"adts_aac":257},"pes_private_data_pids":{},"timed_id3_pids":{},"scte_35_pids":{},"smpte2038_pids":{},"program_number":1,"version_number":0} @ blob:http://localhost:5181/4ce1fb6c-682c-441b-b1b8-ab58fe289f97:3042
[   84419ms] [LOG] [TSDemuxer] > Generated first AVCDecoderConfigurationRecord for mimeType: avc1.4d401e @ blob:http://localhost:5181/4ce1fb6c-682c-441b-b1b8-ab58fe289f97:3042
[   84423ms] [LOG] [MSEController] > Received Initialization Segment, mimeType: video/mp4;codecs=avc1.4d401e @ http://localhost:5181/node_modules/.vite/deps/mpegts__js.js?v=61f9059c:63
[   84443ms] [LOG] [TSDemuxer] > Generated first AudioSpecificConfig for mimeType: mp4a.40.5 @ blob:http://localhost:5181/4ce1fb6c-682c-441b-b1b8-ab58fe289f97:3042
[   84444ms] [LOG] [MSEController] > Received Initialization Segment, mimeType: audio/mp4;codecs=mp4a.40.5 @ http://localhost:5181/node_modules/.vite/deps/mpegts__js.js?v=61f9059c:63
[   84445ms] [LOG] [player:mpegts-media-info] {mediaInfo: Object} @ http://localhost:5181/src/components/player/IptvVideoPlayer.tsx?t=1778425168645:202
[   84632ms] [WARNING] [MSEPlayer] > Playback seems stuck at 0, seek to 0.015 @ http://localhost:5181/node_modules/.vite/deps/mpegts__js.js?v=61f9059c:55
[   84788ms] [LOG] [player:state] {state: canplay} @ http://localhost:5181/src/components/player/IptvVideoPlayer.tsx?t=1778425168645:202
[   84790ms] [LOG] [player:state] {state: playing} @ http://localhost:5181/src/components/player/IptvVideoPlayer.tsx?t=1778425168645:202
[   84867ms] [WARNING] [IOController] > 136 bytes unconsumed data remain when flush buffer, dropped @ blob:http://localhost:5181/4ce1fb6c-682c-441b-b1b8-ab58fe289f97:3034
[   84869ms] [LOG] [player:retry] {attempt: 1, reason: MPEGTS stream ended} @ http://localhost:5181/src/components/player/IptvVideoPlayer.tsx?t=1778425168645:202
[   84888ms] [LOG] [MSEController] > MediaSource onSourceEnded @ http://localhost:5181/node_modules/.vite/deps/mpegts__js.js?v=61f9059c:63
[   90178ms] [LOG] [player:preload-next] {playbackUrl: http://localhost:5181/proxy?url=http%3A%2F%2Fghost1.tv%3A80%2F01095391353%2F35319359010MM%2F80489} @ http://localhost:5181/src/components/player/IptvVideoPlayer.tsx?t=1778425175389:202
[   91836ms] [LOG] [player:probe] {playbackUrl: http://localhost:5181/proxy?url=http%3A%2F%2Fghost1.tv%3A80%2F01095391353%2F35319359010MM%2F80488, probeUrl: http://localhost:5181/proxy/probe?url=http%3A%2F%2…st1.tv%3A80%2F01095391353%2F35319359010MM%2F80488, ok: true, status: 200, contentType: video/mp2t} @ http://localhost:5181/src/components/player/IptvVideoPlayer.tsx?t=1778425175389:202
[   91837ms] [LOG] [player:engine] {engine: mpegts, playbackUrl: http://localhost:5181/proxy?url=http%3A%2F%2Fghost1.tv%3A80%2F01095391353%2F35319359010MM%2F80488, providerUrl: http://ghost1.tv:80/01095391353/35319359010MM/80488, contentType: video/mp2t, attempt: 0} @ http://localhost:5181/src/components/player/IptvVideoPlayer.tsx?t=1778425175389:202
[   91858ms] [LOG] [player:state] {state: waiting} @ http://localhost:5181/src/components/player/IptvVideoPlayer.tsx?t=1778425175389:202
[   91878ms] [LOG] [player:state] {state: loadstart} @ http://localhost:5181/src/components/player/IptvVideoPlayer.tsx?t=1778425175389:202
[   91902ms] [LOG] [MSEController] > MediaSource onSourceOpen @ http://localhost:5181/node_modules/.vite/deps/mpegts__js.js?v=61f9059c:63
[   92841ms] [LOG] [player:stats] {status: loading, engine: MPEGTS, bufferSeconds: 0, liveLatency: 0, bitrateKbps: null} @ http://localhost:5181/src/components/player/IptvVideoPlayer.tsx?t=1778425175389:202
[   93125ms] [LOG] [TSDemuxer] > Parsed first PAT: {"program_pmt_pid":{"1":4096},"version_number":0} @ blob:http://localhost:5181/e959f0e0-b59f-4160-865d-bba0eb1c05de:3042
[   93126ms] [LOG] [TSDemuxer] > Parsed first PMT: {"pid_stream_type":{"256":27,"257":15},"common_pids":{"h264":256,"adts_aac":257},"pes_private_data_pids":{},"timed_id3_pids":{},"scte_35_pids":{},"smpte2038_pids":{},"program_number":1,"version_number":0} @ blob:http://localhost:5181/e959f0e0-b59f-4160-865d-bba0eb1c05de:3042
[   93130ms] [LOG] [TSDemuxer] > Generated first AVCDecoderConfigurationRecord for mimeType: avc1.4d401e @ blob:http://localhost:5181/e959f0e0-b59f-4160-865d-bba0eb1c05de:3042
[   93132ms] [LOG] [MSEController] > Received Initialization Segment, mimeType: video/mp4;codecs=avc1.4d401e @ http://localhost:5181/node_modules/.vite/deps/mpegts__js.js?v=61f9059c:63
[   93138ms] [LOG] [TSDemuxer] > Generated first AudioSpecificConfig for mimeType: mp4a.40.5 @ blob:http://localhost:5181/e959f0e0-b59f-4160-865d-bba0eb1c05de:3042
[   93139ms] [LOG] [MSEController] > Received Initialization Segment, mimeType: audio/mp4;codecs=mp4a.40.5 @ http://localhost:5181/node_modules/.vite/deps/mpegts__js.js?v=61f9059c:63
[   93139ms] [LOG] [player:mpegts-media-info] {mediaInfo: Object} @ http://localhost:5181/src/components/player/IptvVideoPlayer.tsx?t=1778425175389:202
[   93294ms] [WARNING] [MSEPlayer] > Playback seems stuck at 0, seek to 0.011 @ http://localhost:5181/node_modules/.vite/deps/mpegts__js.js?v=61f9059c:55
[   93384ms] [LOG] [player:state] {state: canplay} @ http://localhost:5181/src/components/player/IptvVideoPlayer.tsx?t=1778425175389:202
[   93385ms] [LOG] [player:state] {state: playing} @ http://localhost:5181/src/components/player/IptvVideoPlayer.tsx?t=1778425175389:202
[   97845ms] [LOG] [player:stats] {status: playing, engine: MPEGTS, bufferSeconds: 0.8, liveLatency: 0.8, bitrateKbps: null} @ http://localhost:5181/src/components/player/IptvVideoPlayer.tsx?t=1778425175389:202
[   98680ms] [LOG] [player:state] {state: waiting} @ http://localhost:5181/src/components/player/IptvVideoPlayer.tsx?t=1778425175389:202
[   98871ms] [LOG] [player:state] {state: canplay} @ http://localhost:5181/src/components/player/IptvVideoPlayer.tsx?t=1778425175389:202
[   98871ms] [LOG] [player:state] {state: playing} @ http://localhost:5181/src/components/player/IptvVideoPlayer.tsx?t=1778425175389:202
[  102850ms] [LOG] [player:stats] {status: playing, engine: MPEGTS, bufferSeconds: 0.7, liveLatency: 0.7, bitrateKbps: null} @ http://localhost:5181/src/components/player/IptvVideoPlayer.tsx?t=1778425175389:202
[  106132ms] [WARNING] [IOController] > 8 bytes unconsumed data remain when flush buffer, dropped @ blob:http://localhost:5181/e959f0e0-b59f-4160-865d-bba0eb1c05de:3034
[  106134ms] [LOG] [player:retry] {attempt: 1, reason: MPEGTS stream ended} @ http://localhost:5181/src/components/player/IptvVideoPlayer.tsx?t=1778425175389:202
[  106153ms] [LOG] [MSEController] > MediaSource onSourceEnded @ http://localhost:5181/node_modules/.vite/deps/mpegts__js.js?v=61f9059c:63
