[     772ms] [INFO] %cDownload the React DevTools for a better development experience: https://reactjs.org/link/react-devtools font-weight:bold @ http://localhost:5173/node_modules/.vite/deps/chunk-PJEEZAML.js?v=61f9059c:21550
[    1376ms] [ERROR] Failed to load resource: the server responded with a status of 404 (Not Found) @ http://localhost:5173/favicon.ico:0
[    2456ms] [ERROR] Warning: validateDOMNesting(...): %s cannot appear as a descendant of <%s>.%s <button> button 
    at button
    at div
    at button
    at div
    at ChannelRow2 (http://localhost:5173/src/components/player/VirtualChannelList.tsx:22:3)
    at div
    at Ae (http://localhost:5173/node_modules/.vite/deps/react-window.js?v=61f9059c:722:13)
    at VirtualChannelList (http://localhost:5173/src/components/player/VirtualChannelList.tsx:143:3)
    at div
    at aside
    at section
    at div
    at PlayerPage (http://localhost:5173/src/pages/PlayerPage.tsx?t=1778414903893:54:30)
    at RenderedRoute (http://localhost:5173/node_modules/.vite/deps/react-router-dom.js?v=61f9059c:6563:26)
    at Routes (http://localhost:5173/node_modules/.vite/deps/react-router-dom.js?v=61f9059c:7439:3)
    at Suspense
    at main
    at div
    at div
    at Router (http://localhost:5173/node_modules/.vite/deps/react-router-dom.js?v=61f9059c:7378:13)
    at BrowserRouter (http://localhost:5173/node_modules/.vite/deps/react-router-dom.js?v=61f9059c:10667:3)
    at App (http://localhost:5173/src/App.tsx?t=1778414903893:37:27) @ http://localhost:5173/node_modules/.vite/deps/chunk-PJEEZAML.js?v=61f9059c:520
