[     443ms] [INFO] %cDownload the React DevTools for a better development experience: https://reactjs.org/link/react-devtools font-weight:bold @ http://localhost:5173/node_modules/.vite/deps/chunk-PJEEZAML.js?v=61f9059c:21550
[     756ms] [ERROR] Failed to load resource: the server responded with a status of 404 (Not Found) @ http://localhost:5173/favicon.ico:0
[    1931ms] [ERROR] Warning: validateDOMNesting(...): %s cannot appear as a descendant of <%s>.%s <button> button 
    at button
    at div
    at button
    at div
    at ChannelRow2 (http://localhost:5173/src/components/player/VirtualChannelList.tsx:22:3)
    at div
    at Ae (http://localhost:5173/node_modules/.vite/deps/react-window.js?v=61f9059c:722:13)
    at VirtualChannelList (http://localhost:5173/src/components/player/VirtualChannelList.tsx:143:3)
    at div
    at aside
    at section
    at div
    at PlayerPage (http://localhost:5173/src/pages/PlayerPage.tsx?t=1778419707848:63:30)
    at RenderedRoute (http://localhost:5173/node_modules/.vite/deps/react-router-dom.js?v=61f9059c:6563:26)
    at Routes (http://localhost:5173/node_modules/.vite/deps/react-router-dom.js?v=61f9059c:7439:3)
    at Suspense
    at main
    at div
    at div
    at Router (http://localhost:5173/node_modules/.vite/deps/react-router-dom.js?v=61f9059c:7378:13)
    at BrowserRouter (http://localhost:5173/node_modules/.vite/deps/react-router-dom.js?v=61f9059c:10667:3)
    at App (http://localhost:5173/src/App.tsx?t=1778419707848:37:27) @ http://localhost:5173/node_modules/.vite/deps/chunk-PJEEZAML.js?v=61f9059c:520
[    3766ms] [LOG] [player:probe] {playbackUrl: /proxy?url=http%3A%2F%2Fghost1.tv%3A80%2F01095391353%2F35319359010MM%2F80488, probeUrl: /proxy/probe?url=http%3A%2F%2Fghost1.tv%3A80%2F01095391353%2F35319359010MM%2F80488, ok: true, status: 200, contentType: video/mp2t} @ http://localhost:5173/src/components/player/IptvVideoPlayer.tsx?t=1778414903893:85
[    3768ms] [LOG] [player:engine] {engine: mpegts, playbackUrl: /proxy?url=http%3A%2F%2Fghost1.tv%3A80%2F01095391353%2F35319359010MM%2F80488, providerUrl: http://ghost1.tv:80/01095391353/35319359010MM/80488, contentType: video/mp2t, attempt: 0} @ http://localhost:5173/src/components/player/IptvVideoPlayer.tsx?t=1778414903893:85
[    3787ms] [LOG] [player:state] {state: waiting} @ http://localhost:5173/src/components/player/IptvVideoPlayer.tsx?t=1778414903893:85
[    3805ms] [LOG] [player:state] {state: loadstart} @ http://localhost:5173/src/components/player/IptvVideoPlayer.tsx?t=1778414903893:85
[    3837ms] [LOG] [MSEController] > MediaSource onSourceOpen @ http://localhost:5173/node_modules/.vite/deps/mpegts__js.js?v=61f9059c:63
[    4236ms] [ERROR] [IOController] > Loader error, code = -1, msg = Failed to execute 'fetch' on 'WorkerGlobalScope': Failed to parse URL from /proxy?url=http%3A%2F%2Fghost1.tv%3A80%2F01095391353%2F35319359010MM%2F80488 @ blob:http://localhost:5173/f6de3ea9-d180-49b3-8dc1-b67d7485a084:3026
[    4237ms] [ERROR] [TransmuxingController] > IOException: type = Exception, code = -1, msg = Failed to execute 'fetch' on 'WorkerGlobalScope': Failed to parse URL from /proxy?url=http%3A%2F%2Fghost1.tv%3A80%2F01095391353%2F35319359010MM%2F80488 @ blob:http://localhost:5173/f6de3ea9-d180-49b3-8dc1-b67d7485a084:3026
[    4270ms] [LOG] [player:mpegts-error] {type: NetworkError, detail: Exception, info: Object} @ http://localhost:5173/src/components/player/IptvVideoPlayer.tsx?t=1778414903893:85
[    4271ms] [LOG] [player:retry] {attempt: 1, reason: Exception} @ http://localhost:5173/src/components/player/IptvVideoPlayer.tsx?t=1778414903893:85
[   29188ms] [LOG] [player:probe] {playbackUrl: http://localhost:5173/proxy?url=http%3A%2F%2Fghost1.tv%3A80%2F01095391353%2F35319359010MM%2F80488, probeUrl: http://localhost:5173/proxy/probe?url=http%3A%2F%2…st1.tv%3A80%2F01095391353%2F35319359010MM%2F80488, ok: true, status: 200, contentType: video/mp2t} @ http://localhost:5173/src/components/player/IptvVideoPlayer.tsx?t=1778419796407:85
[   29189ms] [LOG] [player:engine] {engine: mpegts, playbackUrl: http://localhost:5173/proxy?url=http%3A%2F%2Fghost1.tv%3A80%2F01095391353%2F35319359010MM%2F80488, providerUrl: http://ghost1.tv:80/01095391353/35319359010MM/80488, contentType: video/mp2t, attempt: 0} @ http://localhost:5173/src/components/player/IptvVideoPlayer.tsx?t=1778419796407:85
[   29194ms] [LOG] [player:state] {state: waiting} @ http://localhost:5173/src/components/player/IptvVideoPlayer.tsx?t=1778419796407:85
[   29195ms] [LOG] [player:state] {state: loadstart} @ http://localhost:5173/src/components/player/IptvVideoPlayer.tsx?t=1778419796407:85
[   29196ms] [LOG] [MSEController] > MediaSource onSourceOpen @ http://localhost:5173/node_modules/.vite/deps/mpegts__js.js?v=61f9059c:63
[   29965ms] [LOG] [TSDemuxer] > Parsed first PAT: {"program_pmt_pid":{"1":4096},"version_number":0} @ blob:http://localhost:5173/a412b1cc-598b-4daf-b261-2f60fa33c038:3042
[   29966ms] [LOG] [TSDemuxer] > Parsed first PMT: {"pid_stream_type":{"256":27,"257":15},"common_pids":{"h264":256,"adts_aac":257},"pes_private_data_pids":{},"timed_id3_pids":{},"scte_35_pids":{},"smpte2038_pids":{},"program_number":1,"version_number":0} @ blob:http://localhost:5173/a412b1cc-598b-4daf-b261-2f60fa33c038:3042
[   30091ms] [LOG] [TSDemuxer] > Generated first AVCDecoderConfigurationRecord for mimeType: avc1.4d401e @ blob:http://localhost:5173/a412b1cc-598b-4daf-b261-2f60fa33c038:3042
[   30094ms] [LOG] [MSEController] > Received Initialization Segment, mimeType: video/mp4;codecs=avc1.4d401e @ http://localhost:5173/node_modules/.vite/deps/mpegts__js.js?v=61f9059c:63
[   30212ms] [LOG] [TSDemuxer] > Generated first AudioSpecificConfig for mimeType: mp4a.40.5 @ blob:http://localhost:5173/a412b1cc-598b-4daf-b261-2f60fa33c038:3042
[   30219ms] [LOG] [MSEController] > Received Initialization Segment, mimeType: audio/mp4;codecs=mp4a.40.5 @ http://localhost:5173/node_modules/.vite/deps/mpegts__js.js?v=61f9059c:63
[   30229ms] [LOG] [player:mpegts-media-info] {mediaInfo: Object} @ http://localhost:5173/src/components/player/IptvVideoPlayer.tsx?t=1778419796407:85
[   30281ms] [WARNING] [MSEPlayer] > Playback seems stuck at 0, seek to 0.013 @ http://localhost:5173/node_modules/.vite/deps/mpegts__js.js?v=61f9059c:55
[   30473ms] [LOG] [player:state] {state: canplay} @ http://localhost:5173/src/components/player/IptvVideoPlayer.tsx?t=1778419796407:85
[   30475ms] [LOG] [player:state] {state: playing} @ http://localhost:5173/src/components/player/IptvVideoPlayer.tsx?t=1778419796407:85
[   30510ms] [LOG] [player:state] {state: waiting} @ http://localhost:5173/src/components/player/IptvVideoPlayer.tsx?t=1778419796407:85
[   30536ms] [ERROR] Failed to load resource: the server responded with a status of 404 (Not Found) @ http://localhost:5173/favicon.ico:0
[   30709ms] [LOG] [player:state] {state: canplay} @ http://localhost:5173/src/components/player/IptvVideoPlayer.tsx?t=1778419796407:85
[   30710ms] [LOG] [player:state] {state: playing} @ http://localhost:5173/src/components/player/IptvVideoPlayer.tsx?t=1778419796407:85
[   30958ms] [WARNING] [IOController] > 136 bytes unconsumed data remain when flush buffer, dropped @ blob:http://localhost:5173/a412b1cc-598b-4daf-b261-2f60fa33c038:3034
[   30960ms] [LOG] [MSEController] > MediaSource onSourceEnded @ http://localhost:5173/node_modules/.vite/deps/mpegts__js.js?v=61f9059c:63
[   36443ms] [LOG] [player:probe] {playbackUrl: http://localhost:5173/proxy?url=http%3A%2F%2Fghost1.tv%3A80%2F01095391353%2F35319359010MM%2F80488, probeUrl: http://localhost:5173/proxy/probe?url=http%3A%2F%2…st1.tv%3A80%2F01095391353%2F35319359010MM%2F80488, ok: true, status: 200, contentType: video/mp2t} @ http://localhost:5173/src/components/player/IptvVideoPlayer.tsx?t=1778419802939:85
[   36444ms] [LOG] [player:engine] {engine: mpegts, playbackUrl: http://localhost:5173/proxy?url=http%3A%2F%2Fghost1.tv%3A80%2F01095391353%2F35319359010MM%2F80488, providerUrl: http://ghost1.tv:80/01095391353/35319359010MM/80488, contentType: video/mp2t, attempt: 0} @ http://localhost:5173/src/components/player/IptvVideoPlayer.tsx?t=1778419802939:85
[   36446ms] [LOG] [player:state] {state: waiting} @ http://localhost:5173/src/components/player/IptvVideoPlayer.tsx?t=1778419802939:85
[   36446ms] [LOG] [player:state] {state: loadstart} @ http://localhost:5173/src/components/player/IptvVideoPlayer.tsx?t=1778419802939:85
[   36448ms] [LOG] [MSEController] > MediaSource onSourceOpen @ http://localhost:5173/node_modules/.vite/deps/mpegts__js.js?v=61f9059c:63
[   37166ms] [LOG] [TSDemuxer] > Parsed first PAT: {"program_pmt_pid":{"1":4096},"version_number":0} @ blob:http://localhost:5173/bda652cd-594f-4d7e-9c89-2a0216641f2b:3042
[   37168ms] [LOG] [TSDemuxer] > Parsed first PMT: {"pid_stream_type":{"256":27,"257":15},"common_pids":{"h264":256,"adts_aac":257},"pes_private_data_pids":{},"timed_id3_pids":{},"scte_35_pids":{},"smpte2038_pids":{},"program_number":1,"version_number":0} @ blob:http://localhost:5173/bda652cd-594f-4d7e-9c89-2a0216641f2b:3042
[   37277ms] [LOG] [TSDemuxer] > Generated first AVCDecoderConfigurationRecord for mimeType: avc1.4d401e @ blob:http://localhost:5173/bda652cd-594f-4d7e-9c89-2a0216641f2b:3042
[   37279ms] [LOG] [MSEController] > Received Initialization Segment, mimeType: video/mp4;codecs=avc1.4d401e @ http://localhost:5173/node_modules/.vite/deps/mpegts__js.js?v=61f9059c:63
[   37391ms] [LOG] [TSDemuxer] > Generated first AudioSpecificConfig for mimeType: mp4a.40.5 @ blob:http://localhost:5173/bda652cd-594f-4d7e-9c89-2a0216641f2b:3042
[   37392ms] [LOG] [MSEController] > Received Initialization Segment, mimeType: audio/mp4;codecs=mp4a.40.5 @ http://localhost:5173/node_modules/.vite/deps/mpegts__js.js?v=61f9059c:63
[   37393ms] [LOG] [player:mpegts-media-info] {mediaInfo: Object} @ http://localhost:5173/src/components/player/IptvVideoPlayer.tsx?t=1778419802939:85
[   37496ms] [LOG] [player:state] {state: canplay} @ http://localhost:5173/src/components/player/IptvVideoPlayer.tsx?t=1778419802939:85
[   37497ms] [LOG] [player:state] {state: playing} @ http://localhost:5173/src/components/player/IptvVideoPlayer.tsx?t=1778419802939:85
[   37765ms] [WARNING] [IOController] > 132 bytes unconsumed data remain when flush buffer, dropped @ blob:http://localhost:5173/bda652cd-594f-4d7e-9c89-2a0216641f2b:3034
[   37767ms] [LOG] [MSEController] > MediaSource onSourceEnded @ http://localhost:5173/node_modules/.vite/deps/mpegts__js.js?v=61f9059c:63
[   58955ms] [LOG] [player:watchdog-timeout] {stuckForMs: 19434} @ http://localhost:5173/src/components/player/IptvVideoPlayer.tsx?t=1778419802939:85
[   58956ms] [LOG] [player:retry] {attempt: 1, reason: playback timeout} @ http://localhost:5173/src/components/player/IptvVideoPlayer.tsx?t=1778419802939:85
[   80419ms] [LOG] [player:retry] {attempt: 2, reason: Failed to fetch} @ http://localhost:5173/src/components/player/IptvVideoPlayer.tsx?t=1778419802939:85
[   80515ms] [INFO] %cDownload the React DevTools for a better development experience: https://reactjs.org/link/react-devtools font-weight:bold @ http://localhost:5173/node_modules/.vite/deps/chunk-PJEEZAML.js?v=61f9059c:21550
[   81175ms] [ERROR] Warning: validateDOMNesting(...): %s cannot appear as a descendant of <%s>.%s <button> button 
    at button
    at div
    at button
    at div
    at ChannelRow2 (http://localhost:5173/src/components/player/VirtualChannelList.tsx:22:3)
    at div
    at Ae (http://localhost:5173/node_modules/.vite/deps/react-window.js?v=61f9059c:722:13)
    at VirtualChannelList (http://localhost:5173/src/components/player/VirtualChannelList.tsx:143:3)
    at div
    at aside
    at section
    at div
    at PlayerPage (http://localhost:5173/src/pages/PlayerPage.tsx?t=1778419802939:63:30)
    at RenderedRoute (http://localhost:5173/node_modules/.vite/deps/react-router-dom.js?v=61f9059c:6563:26)
    at Routes (http://localhost:5173/node_modules/.vite/deps/react-router-dom.js?v=61f9059c:7439:3)
    at Suspense
    at main
    at div
    at div
    at Router (http://localhost:5173/node_modules/.vite/deps/react-router-dom.js?v=61f9059c:7378:13)
    at BrowserRouter (http://localhost:5173/node_modules/.vite/deps/react-router-dom.js?v=61f9059c:10667:3)
    at App (http://localhost:5173/src/App.tsx?t=1778419802939:37:27) @ http://localhost:5173/node_modules/.vite/deps/chunk-PJEEZAML.js?v=61f9059c:520
[   82139ms] [LOG] [player:probe] {playbackUrl: http://localhost:5173/proxy?url=http%3A%2F%2Fghost1.tv%3A80%2F01095391353%2F35319359010MM%2F80488, probeUrl: http://localhost:5173/proxy/probe?url=http%3A%2F%2…st1.tv%3A80%2F01095391353%2F35319359010MM%2F80488, ok: true, status: 200, contentType: video/mp2t} @ http://localhost:5173/src/components/player/IptvVideoPlayer.tsx?t=1778419802939:85
[   82141ms] [LOG] [player:engine] {engine: mpegts, playbackUrl: http://localhost:5173/proxy?url=http%3A%2F%2Fghost1.tv%3A80%2F01095391353%2F35319359010MM%2F80488, providerUrl: http://ghost1.tv:80/01095391353/35319359010MM/80488, contentType: video/mp2t, attempt: 0} @ http://localhost:5173/src/components/player/IptvVideoPlayer.tsx?t=1778419802939:85
[   82149ms] [LOG] [player:state] {state: waiting} @ http://localhost:5173/src/components/player/IptvVideoPlayer.tsx?t=1778419802939:85
[   82149ms] [LOG] [player:state] {state: loadstart} @ http://localhost:5173/src/components/player/IptvVideoPlayer.tsx?t=1778419802939:85
[   82150ms] [LOG] [MSEController] > MediaSource onSourceOpen @ http://localhost:5173/node_modules/.vite/deps/mpegts__js.js?v=61f9059c:63
[   82934ms] [LOG] [TSDemuxer] > Parsed first PAT: {"program_pmt_pid":{"1":4096},"version_number":0} @ blob:http://localhost:5173/eeacfdfe-e01a-4f37-9a08-5aa6f4e2dc9f:3042
[   82936ms] [LOG] [TSDemuxer] > Parsed first PMT: {"pid_stream_type":{"256":27,"257":15},"common_pids":{"h264":256,"adts_aac":257},"pes_private_data_pids":{},"timed_id3_pids":{},"scte_35_pids":{},"smpte2038_pids":{},"program_number":1,"version_number":0} @ blob:http://localhost:5173/eeacfdfe-e01a-4f37-9a08-5aa6f4e2dc9f:3042
[   83052ms] [LOG] [TSDemuxer] > Generated first AVCDecoderConfigurationRecord for mimeType: avc1.4d401e @ blob:http://localhost:5173/eeacfdfe-e01a-4f37-9a08-5aa6f4e2dc9f:3042
[   83054ms] [LOG] [MSEController] > Received Initialization Segment, mimeType: video/mp4;codecs=avc1.4d401e @ http://localhost:5173/node_modules/.vite/deps/mpegts__js.js?v=61f9059c:63
[   83181ms] [LOG] [TSDemuxer] > Generated first AudioSpecificConfig for mimeType: mp4a.40.5 @ blob:http://localhost:5173/eeacfdfe-e01a-4f37-9a08-5aa6f4e2dc9f:3042
[   83182ms] [LOG] [MSEController] > Received Initialization Segment, mimeType: audio/mp4;codecs=mp4a.40.5 @ http://localhost:5173/node_modules/.vite/deps/mpegts__js.js?v=61f9059c:63
[   83183ms] [LOG] [player:mpegts-media-info] {mediaInfo: Object} @ http://localhost:5173/src/components/player/IptvVideoPlayer.tsx?t=1778419802939:85
[   83258ms] [WARNING] [MSEPlayer] > Playback seems stuck at 0, seek to 0.012 @ http://localhost:5173/node_modules/.vite/deps/mpegts__js.js?v=61f9059c:55
[   83681ms] [LOG] [player:state] {state: canplay} @ http://localhost:5173/src/components/player/IptvVideoPlayer.tsx?t=1778419802939:85
[   83682ms] [LOG] [player:state] {state: playing} @ http://localhost:5173/src/components/player/IptvVideoPlayer.tsx?t=1778419802939:85
[   83753ms] [ERROR] Failed to load resource: the server responded with a status of 404 (Not Found) @ http://localhost:5173/favicon.ico:0
[   83813ms] [LOG] [player:state] {state: waiting} @ http://localhost:5173/src/components/player/IptvVideoPlayer.tsx?t=1778419802939:85
[   83929ms] [LOG] [player:state] {state: canplay} @ http://localhost:5173/src/components/player/IptvVideoPlayer.tsx?t=1778419802939:85
[   83930ms] [LOG] [player:state] {state: playing} @ http://localhost:5173/src/components/player/IptvVideoPlayer.tsx?t=1778419802939:85
[   83971ms] [LOG] [player:state] {state: waiting} @ http://localhost:5173/src/components/player/IptvVideoPlayer.tsx?t=1778419802939:85
[   84149ms] [LOG] [player:state] {state: canplay} @ http://localhost:5173/src/components/player/IptvVideoPlayer.tsx?t=1778419802939:85
[   84149ms] [LOG] [player:state] {state: playing} @ http://localhost:5173/src/components/player/IptvVideoPlayer.tsx?t=1778419802939:85
[   88315ms] [LOG] [player:state] {state: waiting} @ http://localhost:5173/src/components/player/IptvVideoPlayer.tsx?t=1778419802939:85
[   89195ms] [LOG] [player:state] {state: canplay} @ http://localhost:5173/src/components/player/IptvVideoPlayer.tsx?t=1778419802939:85
[   89196ms] [LOG] [player:state] {state: playing} @ http://localhost:5173/src/components/player/IptvVideoPlayer.tsx?t=1778419802939:85
[   91314ms] [LOG] [player:state] {state: waiting} @ http://localhost:5173/src/components/player/IptvVideoPlayer.tsx?t=1778419802939:85
[   91445ms] [LOG] [player:state] {state: canplay} @ http://localhost:5173/src/components/player/IptvVideoPlayer.tsx?t=1778419802939:85
[   91446ms] [LOG] [player:state] {state: playing} @ http://localhost:5173/src/components/player/IptvVideoPlayer.tsx?t=1778419802939:85
[   92276ms] [LOG] [player:state] {state: waiting} @ http://localhost:5173/src/components/player/IptvVideoPlayer.tsx?t=1778419802939:85
[   93062ms] [LOG] [player:state] {state: canplay} @ http://localhost:5173/src/components/player/IptvVideoPlayer.tsx?t=1778419802939:85
[   93063ms] [LOG] [player:state] {state: playing} @ http://localhost:5173/src/components/player/IptvVideoPlayer.tsx?t=1778419802939:85
[   94071ms] [LOG] [player:state] {state: waiting} @ http://localhost:5173/src/components/player/IptvVideoPlayer.tsx?t=1778419802939:85
[   94114ms] [LOG] [player:state] {state: canplay} @ http://localhost:5173/src/components/player/IptvVideoPlayer.tsx?t=1778419802939:85
[   94116ms] [LOG] [player:state] {state: playing} @ http://localhost:5173/src/components/player/IptvVideoPlayer.tsx?t=1778419802939:85
[   94595ms] [LOG] [player:state] {state: waiting} @ http://localhost:5173/src/components/player/IptvVideoPlayer.tsx?t=1778419802939:85
[   96183ms] [LOG] [player:state] {state: canplay} @ http://localhost:5173/src/components/player/IptvVideoPlayer.tsx?t=1778419802939:85
[   96184ms] [LOG] [player:state] {state: playing} @ http://localhost:5173/src/components/player/IptvVideoPlayer.tsx?t=1778419802939:85
[  103654ms] [LOG] [player:state] {state: waiting} @ http://localhost:5173/src/components/player/IptvVideoPlayer.tsx?t=1778419802939:85
[  104194ms] [LOG] [player:state] {state: canplay} @ http://localhost:5173/src/components/player/IptvVideoPlayer.tsx?t=1778419802939:85
[  104195ms] [LOG] [player:state] {state: playing} @ http://localhost:5173/src/components/player/IptvVideoPlayer.tsx?t=1778419802939:85
[  105072ms] [LOG] [player:state] {state: waiting} @ http://localhost:5173/src/components/player/IptvVideoPlayer.tsx?t=1778419802939:85
[  105146ms] [LOG] [player:state] {state: canplay} @ http://localhost:5173/src/components/player/IptvVideoPlayer.tsx?t=1778419802939:85
[  105147ms] [LOG] [player:state] {state: playing} @ http://localhost:5173/src/components/player/IptvVideoPlayer.tsx?t=1778419802939:85
[  105300ms] [WARNING] [IOController] > 4 bytes unconsumed data remain when flush buffer, dropped @ blob:http://localhost:5173/eeacfdfe-e01a-4f37-9a08-5aa6f4e2dc9f:3034
[  105301ms] [LOG] [MSEController] > MediaSource onSourceEnded @ http://localhost:5173/node_modules/.vite/deps/mpegts__js.js?v=61f9059c:63
[  124136ms] [INFO] %cDownload the React DevTools for a better development experience: https://reactjs.org/link/react-devtools font-weight:bold @ http://localhost:5173/node_modules/.vite/deps/chunk-PJEEZAML.js?v=61f9059c:21550
[  125554ms] [LOG] [player:probe] {playbackUrl: http://localhost:5173/proxy?url=http%3A%2F%2Fghost1.tv%3A80%2F01095391353%2F35319359010MM%2F80488, probeUrl: http://localhost:5173/proxy/probe?url=http%3A%2F%2…st1.tv%3A80%2F01095391353%2F35319359010MM%2F80488, ok: true, status: 200, contentType: video/mp2t} @ http://localhost:5173/src/components/player/IptvVideoPlayer.tsx?t=1778419802939:85
[  125555ms] [LOG] [player:engine] {engine: mpegts, playbackUrl: http://localhost:5173/proxy?url=http%3A%2F%2Fghost1.tv%3A80%2F01095391353%2F35319359010MM%2F80488, providerUrl: http://ghost1.tv:80/01095391353/35319359010MM/80488, contentType: video/mp2t, attempt: 0} @ http://localhost:5173/src/components/player/IptvVideoPlayer.tsx?t=1778419802939:85
[  125562ms] [LOG] [player:state] {state: waiting} @ http://localhost:5173/src/components/player/IptvVideoPlayer.tsx?t=1778419802939:85
[  125562ms] [LOG] [player:state] {state: loadstart} @ http://localhost:5173/src/components/player/IptvVideoPlayer.tsx?t=1778419802939:85
[  125564ms] [LOG] [MSEController] > MediaSource onSourceOpen @ http://localhost:5173/node_modules/.vite/deps/mpegts__js.js?v=61f9059c:63
[  126418ms] [LOG] [TSDemuxer] > Parsed first PAT: {"program_pmt_pid":{"1":4096},"version_number":0} @ blob:http://localhost:5173/5f265f7e-8600-4cc3-b983-3a38ca401313:3042
[  126420ms] [LOG] [TSDemuxer] > Parsed first PMT: {"pid_stream_type":{"256":27,"257":15},"common_pids":{"h264":256,"adts_aac":257},"pes_private_data_pids":{},"timed_id3_pids":{},"scte_35_pids":{},"smpte2038_pids":{},"program_number":1,"version_number":0} @ blob:http://localhost:5173/5f265f7e-8600-4cc3-b983-3a38ca401313:3042
[  126523ms] [LOG] [TSDemuxer] > Generated first AVCDecoderConfigurationRecord for mimeType: avc1.4d401e @ blob:http://localhost:5173/5f265f7e-8600-4cc3-b983-3a38ca401313:3042
[  126525ms] [LOG] [MSEController] > Received Initialization Segment, mimeType: video/mp4;codecs=avc1.4d401e @ http://localhost:5173/node_modules/.vite/deps/mpegts__js.js?v=61f9059c:63
[  126639ms] [LOG] [TSDemuxer] > Generated first AudioSpecificConfig for mimeType: mp4a.40.5 @ blob:http://localhost:5173/5f265f7e-8600-4cc3-b983-3a38ca401313:3042
[  126641ms] [LOG] [MSEController] > Received Initialization Segment, mimeType: audio/mp4;codecs=mp4a.40.5 @ http://localhost:5173/node_modules/.vite/deps/mpegts__js.js?v=61f9059c:63
[  126642ms] [LOG] [player:mpegts-media-info] {mediaInfo: Object} @ http://localhost:5173/src/components/player/IptvVideoPlayer.tsx?t=1778419802939:85
[  126736ms] [LOG] [player:state] {state: canplay} @ http://localhost:5173/src/components/player/IptvVideoPlayer.tsx?t=1778419802939:85
[  126739ms] [LOG] [player:state] {state: playing} @ http://localhost:5173/src/components/player/IptvVideoPlayer.tsx?t=1778419802939:85
[  126793ms] [ERROR] Failed to load resource: the server responded with a status of 404 (Not Found) @ http://localhost:5173/favicon.ico:0
[  126886ms] [LOG] [player:state] {state: waiting} @ http://localhost:5173/src/components/player/IptvVideoPlayer.tsx?t=1778419802939:85
[  126959ms] [LOG] [player:state] {state: canplay} @ http://localhost:5173/src/components/player/IptvVideoPlayer.tsx?t=1778419802939:85
[  126960ms] [LOG] [player:state] {state: playing} @ http://localhost:5173/src/components/player/IptvVideoPlayer.tsx?t=1778419802939:85
[  128761ms] [WARNING] [IOController] > 140 bytes unconsumed data remain when flush buffer, dropped @ blob:http://localhost:5173/5f265f7e-8600-4cc3-b983-3a38ca401313:3034
[  128763ms] [LOG] [MSEController] > MediaSource onSourceEnded @ http://localhost:5173/node_modules/.vite/deps/mpegts__js.js?v=61f9059c:63
[  149557ms] [LOG] [player:watchdog-timeout] {stuckForMs: 18924} @ http://localhost:5173/src/components/player/IptvVideoPlayer.tsx?t=1778419802939:85
[  149558ms] [LOG] [player:retry] {attempt: 1, reason: playback timeout} @ http://localhost:5173/src/components/player/IptvVideoPlayer.tsx?t=1778419802939:85
[  195870ms] [LOG] [player:probe] {playbackUrl: http://localhost:5173/proxy?url=http%3A%2F%2Fghost…A80%2F01095391353%2F35319359010MM%2F80488&retry=1, probeUrl: http://localhost:5173/proxy/probe?url=http%3A%2F%2…A80%2F01095391353%2F35319359010MM%2F80488&retry=1, ok: true, status: 200, contentType: video/mp2t} @ http://localhost:5173/src/components/player/IptvVideoPlayer.tsx?t=1778419802939:85
[  195871ms] [LOG] [player:engine] {engine: mpegts, playbackUrl: http://localhost:5173/proxy?url=http%3A%2F%2Fghost…A80%2F01095391353%2F35319359010MM%2F80488&retry=1, providerUrl: http://ghost1.tv:80/01095391353/35319359010MM/80488, contentType: video/mp2t, attempt: 1} @ http://localhost:5173/src/components/player/IptvVideoPlayer.tsx?t=1778419802939:85
[  195873ms] [LOG] [player:state] {state: waiting} @ http://localhost:5173/src/components/player/IptvVideoPlayer.tsx?t=1778419802939:85
[  195874ms] [LOG] [player:state] {state: loadstart} @ http://localhost:5173/src/components/player/IptvVideoPlayer.tsx?t=1778419802939:85
[  195875ms] [LOG] [MSEController] > MediaSource onSourceOpen @ http://localhost:5173/node_modules/.vite/deps/mpegts__js.js?v=61f9059c:63
